[24Jun2026 23:28:17.273] [main/INFO] [net.neoforged.fml.startup.Entrypoint/]: JVM Uptime at startup: 243ms
[24Jun2026 23:28:17.286] [main/INFO] [net.neoforged.fml.loading.FMLLoader/]: Starting FancyModLoader version 11.0.13 (CLIENT in DEV)
[24Jun2026 23:28:17.286] [main/INFO] [net.neoforged.fml.loading.FMLLoader/]: Game directory: D:\User\Documents\Projects\Verneuil\run
[24Jun2026 23:28:17.336] [main/INFO] [net.neoforged.fml.loading.EarlyServiceDiscovery/]: Found 2 early service jars (out of 110) in 26ms
[24Jun2026 23:28:17.337] [main/INFO] [net.neoforged.fml.loading.FMLLoader/]: Loading FML Early Services:
[24Jun2026 23:28:17.337] [main/INFO] [net.neoforged.fml.loading.FMLLoader/]:  - C:/Users/alex/.gradle/caches/modules-2/files-2.1/net.neoforged.fancymodloader/loader/11.0.13/c9c89eaf35535990110088224d188748d81eaecf/loader-11.0.13.jar
[24Jun2026 23:28:17.338] [main/INFO] [net.neoforged.fml.loading.FMLLoader/]:  - C:/Users/alex/.gradle/caches/modules-2/files-2.1/net.neoforged.fancymodloader/earlydisplay/11.0.13/491a1bedecb33802fa118cae384b60f91f6f0241/earlydisplay-11.0.13.jar
[24Jun2026 23:28:17.342] [main/INFO] [net.neoforged.fml.loading.ImmediateWindowHandler/]: Loading ImmediateWindowProvider fmlearlywindow
[24Jun2026 23:28:17.924] [ForkJoinPool.commonPool-worker-3/INFO] [net.neoforged.fml.loading.moddiscovery.locators.GameLocator/]: Detected a joined NeoForge and Minecraft configuration. Applying filtering...
[24Jun2026 23:28:17.988] [fml-loadingscreen/INFO] [net.neoforged.fml.earlydisplay.render.LoadingScreenRenderer/]: GL info: NVIDIA GeForce RTX 3060 Ti/PCIe/SSE2 GL version 3.3.0 NVIDIA 596.49, NVIDIA Corporation
[24Jun2026 23:28:18.001] [ForkJoinPool.commonPool-worker-3/INFO] [net.neoforged.fml.loading.moddiscovery.locators.InDevFolderLocator/CORE]: Got mod coordinates verneuil%%D:\User\Documents\Projects\Verneuil\build\classes\java\main;verneuil%%D:\User\Documents\Projects\Verneuil\build\resources\main from env
[24Jun2026 23:28:18.125] [ForkJoinPool.commonPool-worker-3/INFO] [net.neoforged.fml.loading.moddiscovery.locators.JarInJarDependencyLocator/]: Found 2 dependencies adding them to mods collection
[24Jun2026 23:28:18.127] [ForkJoinPool.commonPool-worker-3/INFO] [net.neoforged.fml.loading.moddiscovery.ModDiscoverer/]: 
     Mod List:
		Name Version (Mod Id)

		Minecraft 26.1.2 (minecraft)
		NeoForge 26.1.2.75 (neoforge)
		Open Parties and Claims 0.27.5 (openpartiesandclaims)
		SmartBrainLib 1.17-alpha-1 (smartbrainlib)
		Verneuil 1.0.0 (verneuil)
[24Jun2026 23:28:18.367] [main/INFO] [mixin/]: SpongePowered MIXIN Subsystem Version=0.8.7 Source=file:/C:/Users/alex/.gradle/caches/modules-2/files-2.1/net.fabricmc/sponge-mixin/0.17.3+mixin.0.8.7/41c4a3984a80f4679e759fb9f495587acc5cdac7/sponge-mixin-0.17.3+mixin.0.8.7.jar Service=FML Env=CLIENT
[24Jun2026 23:28:18.400] [main/INFO] [net.neoforged.fml.loading.FMLLoader/]: Loading FML Plugins:
[24Jun2026 23:28:18.401] [main/INFO] [net.neoforged.fml.loading.FMLLoader/]:  - C:/Users/alex/.gradle/caches/modules-2/files-2.1/net.neoforged/neoforge/26.1.2.75/5c8890989345caf63f92a4cb01adb857e3f47fa6/neoforge-26.1.2.75-universal.jar > net.neoforged.neoforge-coremods-26.1.2.75.jar
[24Jun2026 23:28:18.475] [main/INFO] [net.neoforged.fml.loading.FMLLoader/]: Building game content classloader:
 - minecraft (composite(filtered(jar(D:/User/Documents/Projects/Verneuil/build/moddev/artifacts/minecraft-patched-26.1.2.75.jar)), filtered(jar(D:/User/Documents/Projects/Verneuil/build/moddev/artifacts/minecraft-patched-26.1.2.75.jar))))
 - mixinextras.neoforge (jar(C:/Users/alex/.gradle/caches/modules-2/files-2.1/net.neoforged/neoforge/26.1.2.75/5c8890989345caf63f92a4cb01adb857e3f47fa6/neoforge-26.1.2.75-universal.jar > mixinextras-neoforge-0.5.4.jar))
 - neoforge (composite(filtered(jar(C:/Users/alex/.gradle/caches/modules-2/files-2.1/net.neoforged/neoforge/26.1.2.75/5c8890989345caf63f92a4cb01adb857e3f47fa6/neoforge-26.1.2.75-universal.jar))))
 - net.neoforged.fml.generated (empty(VirtualJar/net.neoforged.fml.generated))
 - openpartiesandclaims (jar(C:/Users/alex/.gradle/caches/modules-2/files-2.1/maven.modrinth/open-parties-and-claims/lVDyw0hz/4c6517c0718256d274231927be2d6861ceed016e/open-parties-and-claims-lVDyw0hz.jar))
 - smartbrainlib (jar(C:/Users/alex/.gradle/caches/modules-2/files-2.1/maven.modrinth/smartbrainlib/EaGY6CWL/31cda6d76a14f9e0c4993fd4b175968c5f1efba5/smartbrainlib-EaGY6CWL.jar))
 - verneuil (composite(folder(D:/User/Documents/Projects/Verneuil/build/classes/java/main), folder(D:/User/Documents/Projects/Verneuil/build/resources/main)))
[24Jun2026 23:28:18.488] [main/INFO] [net.neoforged.fml.loading.FMLLoader/]: Built game content classloader in 22ms
[24Jun2026 23:28:18.544] [main/WARN] [mixin/]: Reference map 'openpartiesandclaims.refmap.json' for openpartiesandclaims.mixins.json could not be read. If this is a development environment you can ignore this message
[24Jun2026 23:28:18.545] [main/WARN] [mixin/]: Reference map 'openpartiesandclaims.refmap.json' for openpartiesandclaims.create.mixins.json could not be read. If this is a development environment you can ignore this message
[24Jun2026 23:28:19.711] [Datafixer Bootstrap/INFO] [com.mojang.datafixers.DataFixerBuilder/]: 294 Datafixer optimizations took 254 milliseconds
[24Jun2026 23:28:19.769] [pool-10-thread-1/INFO] [MixinExtras|Service/]: Initializing MixinExtras via com.llamalad7.mixinextras.service.MixinExtrasServiceImpl(version=0.5.4).
[24Jun2026 23:28:23.507] [main/WARN] [net.minecraft.commands.Commands/]: Ambiguity between arguments [teleport, location] and [teleport, destination] with inputs: [0.1 -0.5 .9, 0 0 0]
[24Jun2026 23:28:23.508] [main/WARN] [net.minecraft.commands.Commands/]: Ambiguity between arguments [teleport, location] and [teleport, targets] with inputs: [0.1 -0.5 .9, 0 0 0]
[24Jun2026 23:28:23.510] [main/WARN] [net.minecraft.commands.Commands/]: Ambiguity between arguments [teleport, destination] and [teleport, targets] with inputs: [Player, 0123, @e, dd12be42-52a9-4a91-a8a1-11c01849e498]
[24Jun2026 23:28:23.511] [main/WARN] [net.minecraft.commands.Commands/]: Ambiguity between arguments [teleport, targets] and [teleport, destination] with inputs: [Player, 0123, dd12be42-52a9-4a91-a8a1-11c01849e498]
[24Jun2026 23:28:23.512] [main/WARN] [net.minecraft.commands.Commands/]: Ambiguity between arguments [teleport, targets, location] and [teleport, targets, destination] with inputs: [0.1 -0.5 .9, 0 0 0]
[24Jun2026 23:28:23.513] [main/WARN] [net.minecraft.commands.Commands/]: Ambiguity between arguments [time, set, time] and [time, set, timemarker] with inputs: [0, 0s, 0d, 0t]
[24Jun2026 23:28:23.514] [main/WARN] [net.minecraft.commands.Commands/]: Ambiguity between arguments [time, set, timemarker] and [time, set, time] with inputs: [012]
[24Jun2026 23:28:23.515] [main/WARN] [net.minecraft.commands.Commands/]: Ambiguity between arguments [time, of, clock, set, time] and [time, of, clock, set, timemarker] with inputs: [0, 0s, 0d, 0t]
[24Jun2026 23:28:23.515] [main/WARN] [net.minecraft.commands.Commands/]: Ambiguity between arguments [time, of, clock, set, timemarker] and [time, of, clock, set, time] with inputs: [012]
[24Jun2026 23:28:23.517] [main/WARN] [net.minecraft.commands.Commands/]: Ambiguity between arguments [waypoint, modify, waypoint, color, reset] and [waypoint, modify, waypoint, color, color] with inputs: [reset]
[24Jun2026 23:28:23.564] [modloading-worker-0/INFO] [net.neoforged.neoforge.common.NeoForgeMod/NEOFORGE-MOD]: NeoForge mod loading, version 26.1.2.75, for MC 26.1.2
[24Jun2026 23:28:24.043] [Render thread/INFO] [com.mojang.authlib.yggdrasil.YggdrasilAuthenticationService/]: Environment: Environment[sessionHost=https://sessionserver.mojang.com, servicesHost=https://api.minecraftservices.com, profilesHost=https://api.mojang.com, name=PROD]
[24Jun2026 23:28:24.054] [Render thread/INFO] [net.minecraft.client.Minecraft/]: Setting user: Dev
[24Jun2026 23:28:24.119] [Render thread/INFO] [net.minecraft.client.Minecraft/]: Backend library: LWJGL version 3.4.1+2
[24Jun2026 23:28:24.244] [Render thread/INFO] [net.minecraft.client.Minecraft/]: Using optional rendering extensions: GL_ARB_buffer_storage, GL_KHR_debug, GL_ARB_vertex_attrib_binding, GL_ARB_direct_state_access, GL_EXT_texture_filter_anisotropic
[24Jun2026 23:28:24.845] [modloading-worker-0/INFO] [com.honeyedlemons.verneuli.Verneuil/]: HELLO FROM COMMON SETUP
[24Jun2026 23:28:24.845] [modloading-worker-0/INFO] [xaero.pac.OpenPartiesAndClaims/]: Loading Open Parties and Claims!
[24Jun2026 23:28:24.903] [modloading-worker-0/INFO] [com.honeyedlemons.verneuli.Verneuil/]: HELLO FROM CLIENT SETUP
[24Jun2026 23:28:24.903] [modloading-worker-0/INFO] [com.honeyedlemons.verneuli.Verneuil/]: MINECRAFT NAME >> Dev
[24Jun2026 23:28:25.005] [Render thread/INFO] [net.minecraft.server.packs.resources.ReloadableResourceManager/]: Reloading ResourceManager: vanilla, mod_resources, mod/smartbrainlib, mod/openpartiesandclaims, mod/verneuil, mod/neoforge
[24Jun2026 23:28:25.172] [resourceLoad/INFO] [net.minecraft.client.gui.font.providers.UnihexProvider/]: Found unifont_pua-17.0.01.hex, loading
[24Jun2026 23:28:25.182] [resourceLoad/INFO] [net.minecraft.client.gui.font.providers.UnihexProvider/]: Found unifont_all_no_pua-17.0.01.hex, loading
[24Jun2026 23:28:25.292] [resourceLoad/INFO] [net.minecraft.client.gui.font.providers.UnihexProvider/]: Found unifont_jp_patch-17.0.01.hex, loading
[24Jun2026 23:28:25.943] [resourceLoad/WARN] [net.minecraft.client.resources.model.ModelManager/]: Missing model for variant: 'Block{verneuil:geode}[age=4]'
[24Jun2026 23:28:26.020] [Render thread/WARN] [com.mojang.blaze3d.opengl.GlProgram/]: neoforge:pipeline/item_cutout_unlit shader program does not use sampler Sampler2 defined in the pipeline. This might be a bug.
[24Jun2026 23:28:26.033] [Render thread/WARN] [com.mojang.blaze3d.opengl.GlProgram/]: neoforge:pipeline/item_translucent_unlit shader program does not use sampler Sampler2 defined in the pipeline. This might be a bug.
[24Jun2026 23:28:26.078] [Render thread/INFO] [com.mojang.blaze3d.audio.Library/]: OpenAL initialized on device OpenAL Soft on Headphones (High Definition Audio Device)
[24Jun2026 23:28:26.080] [Render thread/INFO] [net.minecraft.client.sounds.SoundEngine/SOUNDS]: Sound engine started
[24Jun2026 23:28:26.080] [Render thread/INFO] [net.minecraft.client.renderer.texture.TextureAtlas/]: Created: 512x256x0 minecraft:textures/atlas/particles.png-atlas
[24Jun2026 23:28:26.095] [Render thread/INFO] [net.minecraft.client.renderer.texture.TextureAtlas/]: Created: 128x128x0 minecraft:textures/atlas/decorated_pot.png-atlas
[24Jun2026 23:28:26.097] [Render thread/INFO] [net.minecraft.client.renderer.texture.TextureAtlas/]: Created: 2048x1024x0 minecraft:textures/atlas/armor_trims.png-atlas
[24Jun2026 23:28:26.113] [Render thread/INFO] [net.minecraft.client.renderer.texture.TextureAtlas/]: Created: 512x256x0 minecraft:textures/atlas/paintings.png-atlas
[24Jun2026 23:28:26.147] [Render thread/INFO] [net.minecraft.client.renderer.texture.TextureAtlas/]: Created: 1024x512x0 minecraft:textures/atlas/shield_patterns.png-atlas
[24Jun2026 23:28:26.149] [Render thread/INFO] [net.minecraft.client.renderer.texture.TextureAtlas/]: Created: 2048x2048x4 minecraft:textures/atlas/blocks.png-atlas
[24Jun2026 23:28:26.215] [Render thread/INFO] [net.minecraft.client.renderer.texture.TextureAtlas/]: Created: 512x512x0 minecraft:textures/atlas/chest.png-atlas
[24Jun2026 23:28:26.253] [Render thread/INFO] [net.minecraft.client.renderer.texture.TextureAtlas/]: Created: 256x128x0 minecraft:textures/atlas/celestials.png-atlas
[24Jun2026 23:28:26.253] [Render thread/INFO] [net.minecraft.client.renderer.texture.TextureAtlas/]: Created: 1024x512x0 minecraft:textures/atlas/banner_patterns.png-atlas
[24Jun2026 23:28:26.254] [Render thread/INFO] [net.minecraft.client.renderer.texture.TextureAtlas/]: Created: 512x512x0 minecraft:textures/atlas/beds.png-atlas
[24Jun2026 23:28:26.265] [Render thread/INFO] [net.minecraft.client.renderer.texture.TextureAtlas/]: Created: 1024x512x0 minecraft:textures/atlas/items.png-atlas
[24Jun2026 23:28:26.276] [Render thread/INFO] [net.minecraft.client.renderer.texture.TextureAtlas/]: Created: 1024x1024x0 minecraft:textures/atlas/gui.png-atlas
[24Jun2026 23:28:26.297] [Render thread/INFO] [net.minecraft.client.renderer.texture.TextureAtlas/]: Created: 128x64x0 minecraft:textures/atlas/map_decorations.png-atlas
[24Jun2026 23:28:26.316] [Render thread/INFO] [net.minecraft.client.renderer.texture.TextureAtlas/]: Created: 512x256x0 minecraft:textures/atlas/signs.png-atlas
[24Jun2026 23:28:26.317] [Render thread/INFO] [net.minecraft.client.renderer.texture.TextureAtlas/]: Created: 512x512x0 minecraft:textures/atlas/shulker_boxes.png-atlas
[24Jun2026 23:28:26.398] [Render thread/INFO] [net.neoforged.neoforge.client.entity.animation.json.AnimationLoader/]: Loaded 0 entity animations
[24Jun2026 23:28:30.841] [Render thread/INFO] [net.minecraft.client.Minecraft/]: Stopping!
